// Vitest Snapshot v1, https://vitest.dev/guide/snapshot.html

exports[`NavBar Component > should render component and match snapshot when mounted. 1`] = `
"<div data-v-4f13fdda="" id="navbar" class="align-items-center d-flex justify-content-between py-1">
  <nuxt-link-stub data-v-4f13fdda="" to="/" aria-label="Home page" class="align-items-center d-flex"></nuxt-link-stub>
  <parameters-menu-stub data-v-4f13fdda="" aria-label="Parameters menu" data-pd-tooltip="true"></parameters-menu-stub>
</div>"
`;
