// Vitest Snapshot v1, https://vitest.dev/guide/snapshot.html

exports[`About Werewolves Game Component > should render component and match snapshot when mounted. 1`] = `
"<div id="about-werewolves-game">
  <div class="align-items-center d-flex justify-content-between">
    <h2 id="about-werewolves-game-title" class="align-items-center d-flex"><i class="fa fa-2x fa-dice me-3 text-primary"></i><span>The Werewolves of Miller's Hollow™ game</span></h2><a id="about-werewolves-game-watch-tutorial-video-on-youtube" class="p-button p-button-primary" href="https://www.youtube.com/watch?v=3HUz8CAORro" rel="noopener noreferrer" target="_blank" data-pd-tooltip="true"><span class="fa fa-question-circle me-2"></span> I don't know this game</a>
  </div>
  <hr>
  <p id="about-werewolves-game-first-section" class="text-">The Werewolves of Miller's Hollow™ is a captivating social board game, where each participant takes on the role of either a Villager or a Werewolf. Under the guidance of a game master, each session unveils a range of surprises, betrayals, twists, and even moments filled with laughter and sometimes tears.</p>
  <p id="about-werewolves-game-second-section">The success of a game relies on the shoulders of the game master, tasked with creating an enchanting atmosphere, maintaining a dynamic pace, and mastering the subtleties of the game rules. Managing a sizable group of players, lacking experience, or being in a state of distraction make this task a significant challenge.</p>
</div>"
`;
