// Vitest Snapshot v1, https://vitest.dev/guide/snapshot.html

exports[`Game Lobby Options Hub Roles Tab Stuttering Judge Component > should match snapshot when rendered. 1`] = `
"<fieldset class="p-fieldset p-component" id="game-lobby-options-hub-roles-tab-stuttering-judge" data-pc-name="fieldset" pc1="" data-pc-section="root">
  <legend class="p-fieldset-legend !mx-auto md:!ml-4 !p-3 !px-6 mb-2 md:!mb-1" data-pc-section="legend">
    <game-option-role-legend-stub rolename="stuttering-judge"></game-option-role-legend-stub>
  </legend>
  <transition-stub name="p-toggleable-content" appear="false" persisted="false" css="true">
    <div id="game-lobby-options-hub-roles-tab-stuttering-judge_content" class="p-fieldset-content-container" role="region" aria-labelledby="game-lobby-options-hub-roles-tab-stuttering-judge_header" data-pc-section="contentcontainer">
      <div class="p-fieldset-content" data-pc-section="content">
        <div id="game-lobby-options-hub-roles-tab-stuttering-judge-vote-requests-count-input-group">
          <div id="game-option-input-group" class="flex flex-col gap-2 items-center justify-between md:flex-row">
            <h3 id="game-option-label" class="flex gap-2 items-center md:text-left md:w-8/12 text-center w-full">
              <font-awesome-icon-stub icon="gavel" border="false" fixedwidth="false" flip="false" listitem="false" pulse="false" swapopacity="false" spin="false" symbol="false" inverse="false" bounce="false" shake="false" beat="false" fade="false" beatfade="false" flash="false" spinpulse="false" spinreverse="false" id="game-option-label-icon" class="text-center text-cyan-300"></font-awesome-icon-stub><span class="grow md:pe-0 pe-3 text-pretty">Stuttering Judge vote requests</span>
            </h3>
            <div id="game-option-input" class="md:w-4/12 w-full"><span class="p-floatlabel p-floatlabel-on" data-pc-name="floatlabel" pc2="" data-pc-section="root"><label id="game-lobby-options-hub-roles-tab-stuttering-judge-vote-requests-count-label" for="game-lobby-options-hub-roles-tab-stuttering-judge-vote-requests-count-input">Stuttering Judge vote requests</label><input-number-stub id="game-lobby-options-hub-roles-tab-stuttering-judge-vote-requests-count-input" modelvalue="1" class="w-full" max="5" min="1"></input-number-stub></span>
              <slider-stub id="game-lobby-options-hub-roles-tab-stuttering-judge-vote-requests-count-slider" modelvalue="1" class="mt-4 w-full" max="5" min="1" step="1"></slider-stub>
            </div>
          </div>
          <p id="game-option-description" class="italic mt-3 text-gray-400">composables.useGameOptionsTexts.roles.stutteringJudge.voteRequestsCount, {"voteRequestsCount":1}, 1</p>
          <!--v-if-->
        </div>
      </div>
    </div>
  </transition-stub>
</fieldset>"
`;
