// Vitest Snapshot v1, https://vitest.dev/guide/snapshot.html

exports[`Game Team Side Player Group Component > should match snapshot when rendered. 1`] = `
"<div id="game-team-side-player-group">
  <nuxt-img-stub alt="components.GameTeamSidePlayerGroup.playerGroup, {&quot;groupName&quot;:&quot;Group 1&quot;}" height="20" placeholderclass="w-20 h-20" src="svg/game/player/player-group/group-1.svg" width="20" preload="false" crossorigin="false" placeholder="svg/misc/ripples.svg" id="game-team-side-player-group-icon" class="absolute right-2.5 top-2.5" data-pd-tooltip="true"></nuxt-img-stub>
</div>"
`;
