// Vitest Snapshot v1, https://vitest.dev/guide/snapshot.html

exports[`Game Lobby Header Options Button Component > should match snapshot when rendered. 1`] = `"<button-stub id="game-lobby-header-options-button" icon="fa fa-sliders" label="Game options" severity="info" size="small"></button-stub>"`;
