// Vitest Snapshot v1, https://vitest.dev/guide/snapshot.html

exports[`Game Lobby Options Hub Roles Tab Little Girl Component > should match snapshot when rendered. 1`] = `
"<fieldset class="p-fieldset p-component" id="game-lobby-options-hub-roles-tab-little-girl" data-pc-name="fieldset" data-pc-section="root" pc1="">
  <legend class="p-fieldset-legend ml-4 !p-3 !px-6" data-pc-section="legend">
    <game-option-role-legend-stub rolename="little-girl"></game-option-role-legend-stub>
  </legend>
  <transition-stub name="p-toggleable-content" appear="false" persisted="false" css="true">
    <div id="game-lobby-options-hub-roles-tab-little-girl_content" class="p-fieldset-content-container" role="region" aria-labelledby="game-lobby-options-hub-roles-tab-little-girl_header" data-pc-section="contentcontainer">
      <div class="p-fieldset-content" data-pc-section="content">
        <div id="game-lobby-options-hub-roles-tab-little-girl-is-protected-by-defender-input-group">
          <div id="game-option-input-group" class="flex gap-2 items-center justify-between">
            <h3 id="game-option-label" class="w-8/12"><i id="game-option-label-icon" class="me-3 fa fa-shield-alt text-blue-500"></i><span>The Little Girl is protected by the Defender</span></h3>
            <div id="game-option-input" class="w-4/12">
              <affirmative-toggle-button-stub modelvalue="false" id="game-lobby-options-hub-roles-tab-little-girl-is-protected-by-defender-input" class="w-full"></affirmative-toggle-button-stub>
            </div>
          </div>
          <p id="game-option-description" class="italic mt-3 text-gray-400">components.GameLobbyOptionsHubRolesTabLittleGirl.options.isProtectedByDefender.descriptions.no</p>
          <!--v-if-->
        </div>
      </div>
    </div>
  </transition-stub>
</fieldset>"
`;
