// Vitest Snapshot v1, https://vitest.dev/guide/snapshot.html

exports[`Game Lobby Start Game Confirm Dialog Footer Component > should match snapshot when rendered. 1`] = `
"<div class="confirm-dialog-footer w-full">
  <divider-stub class="!my-3"></divider-stub>
  <div class="flex gap-2 items-center justify-between w-full"><button class="p-button p-component p-button-secondary p-button-sm" type="button" data-pc-name="button" data-p-disabled="false" data-p-severity="secondary" id="cancel-button" data-pc-section="root" data-pd-ripple="true" style="overflow: hidden; position: relative;" pc1="">
      <font-awesome-icon-stub icon="times" border="false" fixedwidth="false" flip="false" listitem="false" pulse="false" swapopacity="false" spin="false" symbol="false" inverse="false" bounce="false" shake="false" beat="false" fade="false" beatfade="false" flash="false" spinpulse="false" spinreverse="false" class="me-2"></font-awesome-icon-stub><span id="cancel-button-text">Cancel</span><span role="presentation" aria-hidden="true" data-p-ink="true" data-p-ink-active="false" class="p-ink" pd1="" data-pc-name="ripple" data-pc-section="root"></span>
    </button><button class="p-button p-component p-button-secondary p-button-sm !transition-all grow uppercase p-button-success justify-center p-button-lg" type="button" data-pc-name="button" data-p-disabled="false" data-p-severity="secondary" id="confirm-button" data-pc-section="root" data-pd-ripple="true" style="overflow: hidden; position: relative;" pc2="">
      <font-awesome-icon-stub icon="play" border="false" fixedwidth="false" flip="false" listitem="false" pulse="false" swapopacity="false" spin="false" symbol="false" inverse="false" bounce="false" shake="false" beat="false" fade="false" beatfade="false" flash="false" spinpulse="false" spinreverse="false" id="confirm-button-icon" class=""></font-awesome-icon-stub><span id="confirm-button-text">components.GameLobbyStartGameConfirmDialogFooter.letsGo</span><span role="presentation" aria-hidden="true" data-p-ink="true" data-p-ink-active="false" class="p-ink" pd2="" data-pc-name="ripple" data-pc-section="root"></span>
    </button></div>
</div>"
`;
