// Vitest Snapshot v1, https://vitest.dev/guide/snapshot.html

exports[`Game Lobby Options Hub Roles Tab Fox Component > should match snapshot when rendered. 1`] = `
"<fieldset class="p-fieldset p-component" id="game-lobby-options-hub-roles-tab-fox" data-pc-name="fieldset" data-pc-section="root" pc1="">
  <legend class="p-fieldset-legend ml-4 !p-3 !px-6" data-pc-section="legend">
    <game-option-role-legend-stub rolename="fox"></game-option-role-legend-stub>
  </legend>
  <transition-stub name="p-toggleable-content" appear="false" persisted="false" css="true">
    <div id="game-lobby-options-hub-roles-tab-fox_content" class="p-fieldset-content-container" role="region" aria-labelledby="game-lobby-options-hub-roles-tab-fox_header" data-pc-section="contentcontainer">
      <div class="p-fieldset-content" data-pc-section="content">
        <div id="game-lobby-options-hub-roles-tab-fox-is-powerless-if-misses-werewolf-input-group">
          <div id="game-option-input-group" class="flex gap-2 items-center justify-between">
            <h3 id="game-option-label" class="w-8/12">
              <font-awesome-icon-stub icon="ban" border="false" fixedwidth="false" flip="false" listitem="false" pulse="false" swapopacity="false" spin="false" symbol="false" inverse="false" bounce="false" shake="false" beat="false" fade="false" beatfade="false" flash="false" spinpulse="false" spinreverse="false" id="game-option-label-icon" class="me-2 text-red-500"></font-awesome-icon-stub><span>The Fox is powerless if he misses to sniff a Werewolf</span>
            </h3>
            <div id="game-option-input" class="w-4/12">
              <affirmative-toggle-button-stub modelvalue="true" id="game-lobby-options-hub-roles-tab-fox-is-powerless-if-misses-werewolf-input" class="w-full"></affirmative-toggle-button-stub>
            </div>
          </div>
          <p id="game-option-description" class="italic mt-3 text-gray-400">components.GameLobbyOptionsHubRolesTabFox.options.isPowerlessIfMissesWerewolf.descriptions.yes</p>
          <!--v-if-->
        </div>
      </div>
    </div>
  </transition-stub>
</fieldset>"
`;
