// Vitest Snapshot v1, https://vitest.dev/guide/snapshot.html

exports[`Game Over History Record Decision Targets Component > should match snapshot when rendered. 1`] = `
"<div id="game-over-history-record-decision-targets" class="flex flex-col gap-4 items-center justify-center">
  <!--v-if-->
  <ul class="mx-auto overflow-x-auto scrollbar-thin text-center w-full whitespace-nowrap">
    <game-over-history-record-decision-target-stub target="[object Object]" class="game-over-history-record-target-player inline-block"></game-over-history-record-decision-target-stub>
    <game-over-history-record-decision-target-stub target="[object Object]" class="game-over-history-record-target-player inline-block"></game-over-history-record-decision-target-stub>
    <game-over-history-record-decision-target-stub target="[object Object]" class="game-over-history-record-target-player inline-block"></game-over-history-record-decision-target-stub>
    <game-over-history-record-decision-target-stub target="[object Object]" class="game-over-history-record-target-player inline-block"></game-over-history-record-decision-target-stub>
  </ul>
</div>"
`;
