// Vitest Snapshot v1, https://vitest.dev/guide/snapshot.html

exports[`Game Lobby Role Picker Description Boundaries Component > should match snapshot when rendered. 1`] = `
"<div id="game-lobby-role-picker-description-boundaries">
  <div id="role-count-in-party" class="flex gap-2 items-center">
    <font-awesome-icon-stub icon="chess-pawn" border="false" fixedwidth="false" flip="false" listitem="false" pulse="false" swapopacity="false" spin="false" symbol="false" inverse="false" bounce="false" shake="false" beat="false" fade="false" beatfade="false" flash="false" spinpulse="false" spinreverse="false" class="text-center text-info w-4"></font-awesome-icon-stub><span id="role-count">components.GameLobbyRolePickerDescriptionBoundaries.roleCountInParty, {"count":2}</span>
    <!--v-if-->
  </div>
  <!--v-if-->
  <div id="recommended-role-min-in-game" class="flex gap-2 items-center">
    <font-awesome-icon-stub icon="chess" border="false" fixedwidth="false" flip="false" listitem="false" pulse="false" swapopacity="false" spin="false" symbol="false" inverse="false" bounce="false" shake="false" beat="false" fade="false" beatfade="false" flash="false" spinpulse="false" spinreverse="false" class="text-center text-warning w-4"></font-awesome-icon-stub><span>components.GameLobbyRolePickerDescriptionBoundaries.recommendedMinPlayers, {"count":5}</span>
  </div>
  <div id="min-in-game-not-reached" class="flex gap-2 items-center">
    <font-awesome-icon-stub icon="circle-exclamation" border="false" fixedwidth="false" flip="false" listitem="false" pulse="false" swapopacity="false" spin="false" symbol="false" inverse="false" bounce="false" shake="false" beat="false" fade="false" beatfade="false" flash="false" spinpulse="false" spinreverse="false" class="text-center text-error w-4"></font-awesome-icon-stub><span>components.GameLobbyRolePickerDescriptionBoundaries.minInGameNotReached, {}</span>
  </div>
</div>"
`;
