// Vitest Snapshot v1, https://vitest.dev/guide/snapshot.html

exports[`Game Devoted Servant Steals Role Playground Component > should match snapshot when rendered. 1`] = `
"<div id="game-devoted-servant-steal-role-playground" class="flex flex-col items-center">
  <anonymous-stub class="" size="400" rest="[object Object]"></anonymous-stub>
  <h3 id="devoted-servant-steals-role-question" class="my-4">components.GameDevotedServantStealsRolePlayground.doesDevotedServantStealRole, 2</h3>
  <div id="targets" class="flex items-center justify-center">
    <game-playground-player-card-stub interaction="steal-role" player="[object Object]" class="target"></game-playground-player-card-stub>
    <game-playground-player-card-stub interaction="steal-role" player="[object Object]" class="target"></game-playground-player-card-stub>
  </div>
</div>"
`;
