// Vitest Snapshot v1, https://vitest.dev/guide/snapshot.html

exports[`Game Lobby Options Hub Roles Tab Sheriff Election Component > should match snapshot when rendered. 1`] = `
"<div id="game-lobby-options-hub-roles-tab-sheriff-election-input-group">
  <div id="game-option-input-group" class="flex gap-2 items-center justify-between">
    <h3 id="game-option-label" class="w-8/12">
      <font-awesome-icon-stub icon="clock" border="false" fixedwidth="false" flip="false" listitem="false" pulse="false" swapopacity="false" spin="false" symbol="false" inverse="false" bounce="false" shake="false" beat="false" fade="false" beatfade="false" flash="false" spinpulse="false" spinreverse="false" id="game-option-label-icon" class="me-2 text-white"></font-awesome-icon-stub><span>Sheriff election time</span>
    </h3>
    <div id="game-option-input" class="w-4/12">
      <toggle-button-stub id="game-lobby-options-hub-roles-tab-sheriff-election-phase-input" modelvalue="false" class="mb-8 w-full" off-label="Night"></toggle-button-stub><span class="p-floatlabel" data-pc-name="floatlabel" data-pc-section="root" pc1=""><label id="game-lobby-options-hub-roles-tab-sheriff-election-turn-label" for="game-lobby-options-hub-roles-tab-sheriff-election-turn-input">Sheriff election turn</label><input-number-stub id="game-lobby-options-hub-roles-tab-sheriff-election-turn-input" modelvalue="1" class="w-full" max="10" min="1"></input-number-stub></span>
      <slider-stub id="game-lobby-options-hub-roles-tab-sheriff-election-turn-slider" modelvalue="1" class="mt-4 w-full" max="10" min="1" step="1"></slider-stub>
    </div>
  </div>
  <p id="game-option-description" class="italic mt-3 text-gray-400">components.GameLobbyOptionsHubRolesTabSheriffElection.options.electedAt.description, {"turn":1,"phase":"shared.game.definitephase.night"}</p>
  <!--v-if-->
</div>"
`;
