// Vitest Snapshot v1, https://vitest.dev/guide/snapshot.html

exports[`Game Lobby Options Hub Roles Tab Idiot Component > should match snapshot when rendered. 1`] = `
"<fieldset class="p-fieldset p-component" id="game-lobby-options-hub-roles-tab-idiot" data-pc-name="fieldset" data-pc-section="root">
  <legend class="p-fieldset-legend ml-4 !p-3 !px-6" data-pc-section="legend">
    <game-option-role-legend-stub rolename="idiot"></game-option-role-legend-stub>
    <!---->
  </legend>
  <transition-stub name="p-toggleable-content" appear="false" persisted="false" css="true">
    <div id="game-lobby-options-hub-roles-tab-idiot_content" class="p-toggleable-content" role="region" aria-labelledby="game-lobby-options-hub-roles-tab-idiot_header" data-pc-section="toggleablecontent">
      <div class="p-fieldset-content" data-pc-section="content">
        <div id="game-lobby-options-hub-roles-tab-idiot-does-die-on-elder-death-input-group">
          <div id="game-option-input-group" class="flex gap-2 items-center justify-between">
            <h3 id="game-option-label" class="w-8/12"><i id="game-option-label-icon" class="me-3 fa fa-skull-crossbones text-red-500"></i><span>The revealed Idiot dies on Elder's death</span></h3>
            <div id="game-option-input" class="w-4/12">
              <affirmative-toggle-button-stub modelvalue="true" id="game-lobby-options-hub-roles-tab-idiot-does-die-on-elder-death-input" class="w-full"></affirmative-toggle-button-stub>
            </div>
          </div>
          <p id="game-option-description" class="italic mt-3 text-gray-400">components.GameLobbyOptionsHubRolesTabIdiot.options.doesDieOnElderDeath.descriptions.yes</p>
          <!--v-if-->
        </div>
      </div>
    </div>
  </transition-stub>
</fieldset>"
`;
