// Vitest Snapshot v1, https://vitest.dev/guide/snapshot.html

exports[`About Werewolves Assistant Component > should render component and match snapshot when mounted. 1`] = `
"<div id="about-werewolves-assistant">
  <h2 id="about-werewolves-assistant-title" class="align-items-center d-flex"><i class="fa fa-2x fa-star me-3 text-warning"></i><span>The Werewolves Assistant takes the stage !</span></h2>
  <hr>
  <p id="about-werewolves-assistant-first-section">To ease the heavy task that falls on the game master when hosting a Werewolves game, the Werewolves Assistant proves to be the ideal tool !</p>
  <p id="about-werewolves-assistant-second-section">This Assistant offers a variety of features, including:</p>
  <ul id="about-werewolves-assistant-third-section">
    <li>A game composition screen allowing the creation of sessions for 4 to 40 players, with the option to randomly assign roles.</li>
    <li>A playful game tracking interface, providing a pleasant visual experience.</li>
    <li>For each key event, the ability to input players' choices, such as the selection of the Werewolves' target or the election of the mayor.</li>
    <li>The Assistant handles the scheduling of game turns, displaying deaths and other events, as well as retaining all choices made during the game.</li>
    <li>At the end of the game, a summary is generated, indicating the victorious camp and providing a complete history of past actions.</li>
  </ul>
  <p id="about-werewolves-assistant-fourth-section">In summary, the Werewolves Assistant invites you to (re)discover the joy of taking on the role of the game master in a Werewolves game. Accessible from any device with an internet browser, this tool is and will remain entirely FREE.</p>
  <h3 id="about-werewolves-assistant-disclaimer-title" class="align-items-center d-flex justify-content-center text-uppercase"><i class="fa fa-2x fa-warning me-3 text-warning"></i><span>However, please be aware</span></h3>
  <hr>
  <p id="about-werewolves-assistant-disclaimer-first-section">The Werewolves Assistant has no intention of replacing the original Werewolves of Miller's Hollow™ game. Its use requires prior possession of a game with its cards.</p>
  <p id="about-werewolves-assistant-disclaimer-second-section">It is important to emphasize that the Assistant positions itself as an exclusive aid to the game master, facilitating game management without altering the essence and experience unique to the original board game. Thus, it complements and enhances the game's dynamics while preserving its authentic character.</p>
</div>"
`;
