// Vitest Snapshot v1, https://vitest.dev/guide/snapshot.html

exports[`Game Lobby Options Hub Votes Tab Component > should match snapshot when rendered. 1`] = `
"<div id="game-lobby-options-votes-tab">
  <div id="game-lobby-options-hub-votes-tab-can-be-skipped-input-group">
    <div id="game-option-input-group" class="flex gap-2 items-center justify-between">
      <h3 id="game-option-label" class="w-8/12"><i id="game-option-label-icon" class="me-3 fa fa-forward text-blue-300"></i><span>Votes can be skipped</span></h3>
      <div id="game-option-input" class="w-4/12">
        <affirmative-toggle-button-stub modelvalue="true" id="game-lobby-options-hub-votes-tab-can-be-skipped-input" class="w-full"></affirmative-toggle-button-stub>
      </div>
    </div>
    <p id="game-option-description" class="italic mt-3 text-gray-400">components.GameLobbyOptionsHubVotesTab.options.canBeSkipped.descriptions.yes</p>
    <divider-stub id="game-option-bottom-divider" class="!my-4"></divider-stub>
  </div>
  <div id="game-lobby-options-hub-roles-tab-votes-duration-input-group" class="mt-8">
    <div id="game-option-input-group" class="flex gap-2 items-center justify-between">
      <h3 id="game-option-label" class="w-8/12"><i id="game-option-label-icon" class="me-3 fa fa-clock text-yellow-500"></i><span>Votes duration in seconds</span></h3>
      <div id="game-option-input" class="w-4/12"><span class="p-floatlabel" data-pc-name="floatlabel" data-pc-section="root" pc1=""><label id="game-lobby-options-hub-roles-tab-votes-duration-label" for="game-lobby-options-hub-roles-tab-votes-duration-input">Votes duration in seconds</label><input-number-stub id="game-lobby-options-hub-roles-tab-votes-duration-input" modelvalue="180" class="w-full" max="600" min="10" step="5"></input-number-stub><slider-stub id="game-lobby-options-hub-roles-tab-votes-duration-slider" modelvalue="180" class="mt-4 w-full" max="600" min="10" step="5"></slider-stub></span></div>
    </div>
    <p id="game-option-description" class="italic mt-3 text-gray-400">components.GameLobbyOptionsHubVotesTab.options.duration.description, {"time":"shared.time.minute, {\\"count\\":3}, 3"}</p>
    <!--v-if-->
  </div>
</div>"
`;
