// Vitest Snapshot v1, https://vitest.dev/guide/snapshot.html

exports[`About Page Component > should match snapshot when rendered. 1`] = `
"<div class="container h-full">
  <div class="flex items-center justify-center">
    <role-image-stub alt="Werewolf illustration" rolename="werewolf" sizes="75" definition="small" id="about-role-image-title"></role-image-stub>
    <h1 id="about-title" class="ms-4">Why an assistant?</h1>
  </div>
  <divider-stub></divider-stub>
  <about-werewolves-game-stub></about-werewolves-game-stub>
  <about-werewolves-assistant-stub class="mt-5"></about-werewolves-assistant-stub>
  <about-available-roles-stub class="mt-5"></about-available-roles-stub>
  <about-how-to-contribute-stub class="mt-5"></about-how-to-contribute-stub>
  <about-creator-stub class="mt-5"></about-creator-stub>
  <divider-stub></divider-stub>
  <div class="flex justify-center pb-3">
    <back-to-home-button-stub pbuttonclass="p-button-secondary" textkey="components.BackToHomeButton.backToHome" icon="fas fa-sign-out"></back-to-home-button-stub>
  </div>
  <scroll-top-stub></scroll-top-stub>
</div>"
`;
