// Vitest Snapshot v1, https://vitest.dev/guide/snapshot.html

exports[`About Page Component > should render component and match snapshot when mounted. 1`] = `
"<div class="container h-100">
  <div class="align-items-center d-flex justify-content-center">
    <role-image-stub alt="Werewolf illustration" rolename="werewolf" sizes="75px" definition="small" id="about-role-image-title"></role-image-stub>
    <h1 id="about-title" class="ms-4">Why an assistant ?</h1>
  </div>
  <hr class="my-3">
  <about-werewolves-game-stub></about-werewolves-game-stub>
  <about-werewolves-assistant-stub class="mt-5"></about-werewolves-assistant-stub>
  <about-available-roles-stub class="mt-5"></about-available-roles-stub>
  <about-how-to-contribute-stub class="mt-5"></about-how-to-contribute-stub>
  <about-creator-stub class="mt-5"></about-creator-stub>
  <hr class="my-3">
  <div class="d-flex justify-content-center pb-3">
    <nuxt-link-stub to="/" id="about-back-to-home-button" class="p-button p-button-secondary"></nuxt-link-stub>
  </div>
</div>"
`;
