// Vitest Snapshot v1, https://vitest.dev/guide/snapshot.html

exports[`Game Canceled Component > should match snapshot when rendered. 1`] = `
"<div id="game-canceled" class="flex flex-col items-center justify-center">
  <h1 id="game-canceled-text" class="flex flex-col items-center justify-center">
    <font-awesome-icon-stub icon="ban" border="false" fixedwidth="false" flip="false" listitem="false" pulse="false" swapopacity="false" spin="false" symbol="false" inverse="false" bounce="false" shake="false" beat="false" fade="false" beatfade="false" flash="false" spinpulse="false" spinreverse="false" class="fa-2x mb-3 text-error"></font-awesome-icon-stub><span>Game canceled</span>
  </h1>
  <div>
    <divider-stub class="mb-4"></divider-stub>
    <create-another-game-button-stub></create-another-game-button-stub>
    <back-to-home-button-stub pbuttonclass="p-button-secondary" textkey="components.BackToHomeButton.backToHome" icon="sign-out"></back-to-home-button-stub>
  </div>
</div>"
`;
