// Vitest Snapshot v1, https://vitest.dev/guide/snapshot.html

exports[`Game Canceled Component > should match snapshot when rendered. 1`] = `
"<div id="game-canceled" class="flex flex-col items-center justify-center">
  <h1 id="game-canceled-text" class="flex flex-col items-center justify-center"><i class="fa fa-2x fa-ban mb-3 text-error"></i><span>Game canceled</span></h1>
  <div>
    <divider-stub class="mb-4"></divider-stub>
    <create-another-game-button-stub></create-another-game-button-stub>
    <back-to-home-button-stub></back-to-home-button-stub>
  </div>
</div>"
`;
