// Vitest Snapshot v1, https://vitest.dev/guide/snapshot.html

exports[`Game Event With Texts Component > should match snapshot when rendered. 1`] = `
"<div id="game-event-with-texts" class="flex flex-col h-full">
  <div id="game-event-default-slot-container" class="grow"></div>
  <game-event-texts-manager-stub texts="Game starts.,Day rises.,Night falls." id="game-event-texts-manager"></game-event-texts-manager-stub>
</div>"
`;

exports[`Game Event With Texts Component > should match snapshot without shallow when rendered. 1`] = `
"<div id="game-event-with-texts" class="flex flex-col h-full">
  <div id="game-event-default-slot-container" class="grow"></div>
  <div id="game-event-texts-manager" class="flex gap-4 h-1/2 items-center"><button id="game-event-previous-text-button" aria-label="Back to the previous event text" class="ps-4 text-gray-500" disabled="" type="button" data-pd-tooltip="true"><i class="fa fa-3x fa-chevron-left"></i></button>
    <div id="game-event-text-container" class="flex grow h-1/2 items-center justify-center">
      <transition-stub mode="out-in" name="fade" appear="false" persisted="false" css="true">
        <p id="current-event-text" class="!mb-0 !text-2xl text-center">Game starts.</p>
      </transition-stub>
    </div><button id="game-event-next-text-button" aria-label="Next event text" class="pe-4" type="button" data-pd-tooltip="true"><i class="fa fa-3x fa-chevron-right"></i></button>
  </div>
</div>"
`;
