// Vitest Snapshot v1, https://vitest.dev/guide/snapshot.html

exports[`Game Choose Card Playground Component > should match snapshot when rendered. 1`] = `
"<div id="game-choose-card-playground">
  <anonymous-stub size="400" rest="[object Object]" class="flex gap-2 h-full items-center justify-center w-full"></anonymous-stub>
</div>"
`;

exports[`Game Choose Card Playground Component > should match snapshot without shallow rendering when render. 1`] = `
"<div id="game-choose-card-playground">
  <div class="glow-capture flex gap-2 h-full items-center justify-center w-full" style="position: relative; --glow-size: 400px;">
    <div class="grid glow flex game-additional-card justify-center w-1/5" id="game-choose-card-playground-additional-card" style="--glow-top: 0px; --glow-left: 0px;">
      <div class="" style="grid-area: 1/1/1/1;"><button id="additional-card-button" aria-label="components.GameChooseCardPlaygroundAdditionalCard.chooseCardForRecipient, {" roleName":"shared.role.name.seer","recipientDefiniteName":"shared.role.definiteName.thief, 1"}" class="border-4 border-transparent flex flex-col glow:border-red-500 h-52 items-center me-2 p-3 rounded-lg" type="button"><img width="125" height="125" alt="shared.role.name.seer" data-nuxt-img="" class="border-4 border-gray-800 role-image rounded-lg h-[125px] w-[125px] glow:border-red-500 mb-1" id="additional-card-image" src="/svg/misc/infinite-spinner.svg"><span id="additional-card-role-label" class="flex flex-col font-semibold grow justify-center">shared.role.name.seer</span></button></div>
      <div class="glow-mask" glow="true" style="--glow-color: #f50057; grid-area: 1/1/1/1; pointer-events: none; mask: radial-gradient(var(--glow-size) var(--glow-size) at calc(var(--glow-x, -99999px) - var(--glow-left, 0px))
        calc(var(--glow-y, -99999px) - var(--glow-top, 0px)), #f50057 1%, transparent 50%);"><button id="additional-card-button" aria-label="components.GameChooseCardPlaygroundAdditionalCard.chooseCardForRecipient, {" roleName":"shared.role.name.seer","recipientDefiniteName":"shared.role.definiteName.thief, 1"}" class="border-4 border-transparent flex flex-col glow:border-red-500 h-52 items-center me-2 p-3 rounded-lg" type="button"><img width="125" height="125" alt="shared.role.name.seer" data-nuxt-img="" class="border-4 border-gray-800 role-image rounded-lg h-[125px] w-[125px] glow:border-red-500 mb-1" id="additional-card-image" src="/svg/misc/infinite-spinner.svg"><span id="additional-card-role-label" class="flex flex-col font-semibold grow justify-center">shared.role.name.seer</span></button></div>
    </div>
    <div class="grid glow flex game-additional-card justify-center w-1/5" id="game-choose-card-playground-additional-card" style="--glow-top: 0px; --glow-left: 0px;">
      <div class="" style="grid-area: 1/1/1/1;"><button id="additional-card-button" aria-label="components.GameChooseCardPlaygroundAdditionalCard.chooseCardForRecipient, {" roleName":"shared.role.name.werewolf","recipientDefiniteName":"shared.role.definiteName.thief, 1"}" class="border-4 border-transparent flex flex-col glow:border-red-500 h-52 items-center me-2 p-3 rounded-lg" type="button"><img width="125" height="125" alt="shared.role.name.werewolf" data-nuxt-img="" class="border-4 border-gray-800 role-image rounded-lg h-[125px] w-[125px] glow:border-red-500 mb-1" id="additional-card-image" src="/svg/misc/infinite-spinner.svg"><span id="additional-card-role-label" class="flex flex-col font-semibold grow justify-center">shared.role.name.werewolf</span></button></div>
      <div class="glow-mask" glow="true" style="--glow-color: #f50057; grid-area: 1/1/1/1; pointer-events: none; mask: radial-gradient(var(--glow-size) var(--glow-size) at calc(var(--glow-x, -99999px) - var(--glow-left, 0px))
        calc(var(--glow-y, -99999px) - var(--glow-top, 0px)), #f50057 1%, transparent 50%);"><button id="additional-card-button" aria-label="components.GameChooseCardPlaygroundAdditionalCard.chooseCardForRecipient, {" roleName":"shared.role.name.werewolf","recipientDefiniteName":"shared.role.definiteName.thief, 1"}" class="border-4 border-transparent flex flex-col glow:border-red-500 h-52 items-center me-2 p-3 rounded-lg" type="button"><img width="125" height="125" alt="shared.role.name.werewolf" data-nuxt-img="" class="border-4 border-gray-800 role-image rounded-lg h-[125px] w-[125px] glow:border-red-500 mb-1" id="additional-card-image" src="/svg/misc/infinite-spinner.svg"><span id="additional-card-role-label" class="flex flex-col font-semibold grow justify-center">shared.role.name.werewolf</span></button></div>
    </div>
    <div class="grid glow flex game-additional-card justify-center w-1/5" id="game-choose-card-playground-additional-card" style="--glow-top: 0px; --glow-left: 0px;">
      <div class="" style="grid-area: 1/1/1/1;"><button id="additional-card-button" aria-label="components.GameChooseCardPlaygroundAdditionalCard.chooseCardForRecipient, {" roleName":"shared.role.name.hunter","recipientDefiniteName":"shared.role.definiteName.thief, 1"}" class="border-4 border-transparent flex flex-col glow:border-red-500 h-52 items-center me-2 p-3 rounded-lg" type="button"><img width="125" height="125" alt="shared.role.name.hunter" data-nuxt-img="" class="border-4 border-gray-800 role-image rounded-lg h-[125px] w-[125px] glow:border-red-500 mb-1" id="additional-card-image" src="/svg/misc/infinite-spinner.svg"><span id="additional-card-role-label" class="flex flex-col font-semibold grow justify-center">shared.role.name.hunter</span></button></div>
      <div class="glow-mask" glow="true" style="--glow-color: #f50057; grid-area: 1/1/1/1; pointer-events: none; mask: radial-gradient(var(--glow-size) var(--glow-size) at calc(var(--glow-x, -99999px) - var(--glow-left, 0px))
        calc(var(--glow-y, -99999px) - var(--glow-top, 0px)), #f50057 1%, transparent 50%);"><button id="additional-card-button" aria-label="components.GameChooseCardPlaygroundAdditionalCard.chooseCardForRecipient, {" roleName":"shared.role.name.hunter","recipientDefiniteName":"shared.role.definiteName.thief, 1"}" class="border-4 border-transparent flex flex-col glow:border-red-500 h-52 items-center me-2 p-3 rounded-lg" type="button"><img width="125" height="125" alt="shared.role.name.hunter" data-nuxt-img="" class="border-4 border-gray-800 role-image rounded-lg h-[125px] w-[125px] glow:border-red-500 mb-1" id="additional-card-image" src="/svg/misc/infinite-spinner.svg"><span id="additional-card-role-label" class="flex flex-col font-semibold grow justify-center">shared.role.name.hunter</span></button></div>
    </div>
  </div>
</div>"
`;
