// Vitest Snapshot v1, https://vitest.dev/guide/snapshot.html

exports[`Game Lobby Page > should match snapshot when rendered. 1`] = `
"<div class="flex flex-col">
  <game-lobby-header-stub></game-lobby-header-stub>
  <divider-stub></divider-stub>
  <game-lobby-players-party-stub class="flex-auto overflow-y-auto"></game-lobby-players-party-stub>
  <divider-stub></divider-stub>
  <game-lobby-footer-stub></game-lobby-footer-stub>
</div>"
`;
