// Vitest Snapshot v1, https://vitest.dev/guide/snapshot.html

exports[`Game Lobby Page > should match snapshot when rendered. 1`] = `
"<div class="flex flex-col">
  <div id="game-lobby-header"></div>
  <divider-stub></divider-stub>
  <game-lobby-players-party-stub id="game-lobby-players-party" class="flex-auto overflow-y-auto"></game-lobby-players-party-stub>
  <divider-stub></divider-stub>
  <game-lobby-footer-stub id="game-lobby-footer"></game-lobby-footer-stub>
  <div id="game-lobby-role-picker-stub"></div>
  <div id="game-lobby-options-hub-stub"></div>
  <div id="game-lobby-position-coordinator-stub"></div>
  <div id="game-lobby-additional-cards-manager-stub"></div>
  <game-lobby-before-leave-confirm-dialog-stub></game-lobby-before-leave-confirm-dialog-stub>
</div>"
`;
