// Vitest Snapshot v1, https://vitest.dev/guide/snapshot.html

exports[`Game Over Component > should match snapshot when rendered. 1`] = `
"<div id="game-over" class="flex flex-col gap-6 h-full items-center justify-center">
  <game-over-victory-text-stub></game-over-victory-text-stub>
  <game-over-winners-stub id="game-over-winners"></game-over-winners-stub>
  <divider-stub></divider-stub>
  <game-over-actions-stub id="game-over-actions"></game-over-actions-stub>
  <div id="game-over-history-stub"></div>
</div>"
`;
