// Vitest Snapshot v1, https://vitest.dev/guide/snapshot.html

exports[`Game Playground Header Phase > should match snapshot when rendered. 1`] = `"<div id="game-playground-header-phase" class="flex items-center"><i id="game-phase-icon" class="fa-2x me-3 fa fa-sun text-day"></i><span id="game-phase-text" class="text-2xl">shared.game.phase.day 3</span></div>"`;
