// Vitest Snapshot v1, https://vitest.dev/guide/snapshot.html

exports[`Game Playground Header Phase > should match snapshot when rendered. 1`] = `
"<div id="game-playground-header-phase" class="flex flex-col gap-2 items-center md:flex-row" data-testid="game-playground-header-phase">
  <game-phase-icon-stub phase="night" class="md:text-3xl"></game-phase-icon-stub><span id="game-phase-text" class="!text-nowrap md:text-2xl text-center text-xs">shared.game.phase.night 3</span>
</div>"
`;
