// Vitest Snapshot v1, https://vitest.dev/guide/snapshot.html

exports[`Game Feedback Submitter Footer Component > should match snapshot when rendered. 1`] = `
"<div id="game-feedback-submitter-footer" class="w-full">
  <divider-stub class="!my-2"></divider-stub>
  <div class="flex justify-between w-full">
    <div class="hidden md:block md:w-1/12"></div>
    <button-stub id="game-feedback-submitter-footer-submit-button" disabled="false" label="Submit feedback" loading="false" severity="primary" size="large"></button-stub>
    <div class="flex justify-end md:w-1/12 w-auto">
      <button-stub id="game-feedback-submitter-footer-close-button" disabled="false" label="Close" severity="secondary" size="small"></button-stub>
    </div>
  </div>
</div>"
`;

exports[`Game Feedback Submitter Footer Component > should match snapshot when rendering without shallow rendering. 1`] = `
"<div id="game-feedback-submitter-footer" class="w-full">
  <div class="p-divider p-component p-divider-horizontal p-divider-solid p-divider-left !my-2" style="justify-content: center;" role="separator" aria-orientation="horizontal" data-pc-name="divider" pc1="" data-pc-section="root">
    <!---->
  </div>
  <div class="flex justify-between w-full">
    <div class="hidden md:block md:w-1/12"></div><button class="p-button p-component p-button-primary p-button-lg" type="button" aria-label="Submit feedback" data-pc-name="button" data-p-disabled="false" data-p-severity="primary" id="game-feedback-submitter-footer-submit-button" pc2="" data-pc-section="root" data-pd-ripple="true" style="overflow: hidden; position: relative;"><svg class="svg-inline--fa fa-star" aria-hidden="true" focusable="false" data-prefix="fas" data-icon="star" role="img" xmlns="http://www.w3.org/2000/svg" viewBox="0 0 576 512">
        <path class="" fill="currentColor" d="M316.9 18C311.6 7 300.4 0 288.1 0s-23.4 7-28.8 18L195 150.3 51.4 171.5c-12 1.8-22 10.2-25.7 21.7s-.7 24.2 7.9 32.7L137.8 329 113.2 474.7c-2 12 3 24.2 12.9 31.3s23 8 33.8 2.3l128.3-68.5 128.3 68.5c10.8 5.7 23.9 4.9 33.8-2.3s14.9-19.3 12.9-31.3L438.5 329 542.7 225.9c8.6-8.5 11.7-21.2 7.9-32.7s-13.7-19.9-25.7-21.7L381.2 150.3 316.9 18z"></path>
      </svg><span class="p-button-label" data-pc-section="label">Submit feedback</span>
      <!----><span role="presentation" aria-hidden="true" data-p-ink="true" data-p-ink-active="false" class="p-ink" pd1="" data-pc-name="ripple" data-pc-section="root"></span>
    </button>
    <div class="flex justify-end md:w-1/12 w-auto"><button class="p-button p-component p-button-secondary p-button-sm" type="button" aria-label="Close" data-pc-name="button" data-p-disabled="false" data-p-severity="secondary" id="game-feedback-submitter-footer-close-button" pc3="" data-pc-section="root" data-pd-ripple="true" style="overflow: hidden; position: relative;">
        <!----><span class="p-button-label" data-pc-section="label">Close</span>
        <!----><span role="presentation" aria-hidden="true" data-p-ink="true" data-p-ink-active="false" class="p-ink" pd2="" data-pc-name="ripple" data-pc-section="root"></span>
      </button></div>
  </div>
</div>"
`;
