// Vitest Snapshot v1, https://vitest.dev/guide/snapshot.html

exports[`Game Over History Record Decision Chosen Card Component > should match snapshot when rendered. 1`] = `
"<div id="game-over-history-record-decision-chosen-card" class="flex flex-col gap-4 items-center justify-center">
  <h4 id="game-over-history-record-decision-chosen-card-text" class="text-center">shared.role.definiteName.seer, 1</h4><img class="w-[70pxpx] h-[70pxpx] border-4 border-gray-800 role-image rounded-lg h-[70pxpx] w-[70pxpx] border-4 border-gray-800 role-image rounded-lg h-[70pxpx] w-[70pxpx]" width="70" height="70" alt="shared.role.name.seer" data-nuxt-img="" id="game-over-history-record-decision-chosen-card-role-image" src="/svg/misc/ripples.svg" style="will-change: transform; transition: 300ms cubic-bezier(.03,.98,.52,.99); transform: perspective(1000px) rotateX(NaNdeg) rotateY(NaNdeg) scale3d(1, 1, 1);">
</div>"
`;
