// Vitest Snapshot v1, https://vitest.dev/guide/snapshot.html

exports[`Game Events Monitor Footer Component > should match snapshot when rendered. 1`] = `
"<div id="game-events-monitor-footer">
  <divider-stub class="!my-2"></divider-stub>
  <div class="flex gap-6 justify-center"><button class="p-button p-component p-button-secondary flex w-56" type="button" disabled="" data-pc-name="button" data-p-disabled="true" data-p-severity="secondary" id="previous-event-button" data-pc-section="root" data-pd-ripple="true" style="overflow: hidden; position: relative;" data-pd-tooltip="true" pc1=""><svg class="svg-inline--fa fa-step-backward w-1/12" aria-hidden="true" focusable="false" data-prefix="fas" data-icon="step-backward" role="img" xmlns="http://www.w3.org/2000/svg" viewBox="0 0 320 512" id="previous-event-button-icon">
        <path class="" fill="currentColor" d="M267.5 440.6c9.5 7.9 22.8 9.7 34.1 4.4s18.4-16.6 18.4-29l0-320c0-12.4-7.2-23.7-18.4-29s-24.5-3.6-34.1 4.4l-192 160L64 241 64 96c0-17.7-14.3-32-32-32S0 78.3 0 96L0 416c0 17.7 14.3 32 32 32s32-14.3 32-32l0-145 11.5 9.6 192 160z"></path>
      </svg><span id="previous-event-button-text" class="text-center w-11/12">Previous</span><span role="presentation" aria-hidden="true" data-p-ink="true" data-p-ink-active="false" class="p-ink" pd1="" data-pc-name="ripple" data-pc-section="root"></span></button><button class="p-button p-component p-button-secondary w-56" type="button" data-pc-name="button" data-p-disabled="false" data-p-severity="secondary" id="skip-current-event-button" data-pc-section="root" data-pd-ripple="true" style="overflow: hidden; position: relative;" data-pd-tooltip="true" pc2=""><svg class="svg-inline--fa fa-step-forward w-1/12" aria-hidden="true" focusable="false" data-prefix="fas" data-icon="step-forward" role="img" xmlns="http://www.w3.org/2000/svg" viewBox="0 0 320 512" id="skip-current-event-button-icon">
        <path class="" fill="currentColor" d="M52.5 440.6c-9.5 7.9-22.8 9.7-34.1 4.4S0 428.4 0 416L0 96C0 83.6 7.2 72.3 18.4 67s24.5-3.6 34.1 4.4l192 160L256 241l0-145c0-17.7 14.3-32 32-32s32 14.3 32 32l0 320c0 17.7-14.3 32-32 32s-32-14.3-32-32l0-145-11.5 9.6-192 160z"></path>
      </svg><span id="skip-current-event-button-text" class="text-center w-11/12">Skip</span><span role="presentation" aria-hidden="true" data-p-ink="true" data-p-ink-active="false" class="p-ink" pd3="" data-pc-name="ripple" data-pc-section="root"></span></button></div>
</div>"
`;
