// Vitest Snapshot v1, https://vitest.dev/guide/snapshot.html

exports[`Game Vote Playground Voter Component > should match snapshot when rendered. 1`] = `
"<div id="game-vote-playground-voters">
  <div id="no-voters" class="flex flex-col h-full items-center justify-center">
    <font-awesome-icon-stub icon="comment-slash" border="false" fixedwidth="false" flip="false" listitem="false" pulse="false" swapopacity="false" spin="false" symbol="false" inverse="false" bounce="false" shake="false" beat="false" fade="false" beatfade="false" flash="false" spinpulse="false" spinreverse="false" class="fa-2x mb-4 text-error"></font-awesome-icon-stub>
    <h2>Nobody can vote…</h2>
  </div>
</div>"
`;
