// Vitest Snapshot v1, https://vitest.dev/guide/snapshot.html

exports[`Game Over History Records Component > should match snapshot when rendered. 1`] = `
"<div class="p-timeline p-component p-timeline-left p-timeline-vertical w-full" id="game-over-history-records" data-pc-name="timeline" data-pc-section="root">
  <div class="p-timeline-event" data-pc-section="event">
    <div class="p-timeline-event-opposite !flex-none !w-24" data-pc-section="opposite">
      <game-over-history-record-phase-stub gamehistoryrecord="[object Object]" class="game-over-history-record-phase w-full"></game-over-history-record-phase-stub>
    </div>
    <div class="p-timeline-event-separator" data-pc-section="separator">
      <div class="p-timeline-event-marker" data-pc-section="marker"></div>
      <div class="p-timeline-event-connector" data-pc-section="connector"></div>
    </div>
    <div class="p-timeline-event-content" data-pc-section="content">
      <game-over-history-record-stub gamehistoryrecord="[object Object]" class="game-over-history-record"></game-over-history-record-stub>
    </div>
  </div>
  <div class="p-timeline-event" data-pc-section="event">
    <div class="p-timeline-event-opposite !flex-none !w-24" data-pc-section="opposite">
      <game-over-history-record-phase-stub gamehistoryrecord="[object Object]" class="game-over-history-record-phase w-full"></game-over-history-record-phase-stub>
    </div>
    <div class="p-timeline-event-separator" data-pc-section="separator">
      <div class="p-timeline-event-marker" data-pc-section="marker"></div>
      <div class="p-timeline-event-connector" data-pc-section="connector"></div>
    </div>
    <div class="p-timeline-event-content" data-pc-section="content">
      <game-over-history-record-stub gamehistoryrecord="[object Object]" class="game-over-history-record"></game-over-history-record-stub>
    </div>
  </div>
  <div class="p-timeline-event" data-pc-section="event">
    <div class="p-timeline-event-opposite !flex-none !w-24" data-pc-section="opposite">
      <game-over-history-record-phase-stub gamehistoryrecord="[object Object]" class="game-over-history-record-phase w-full"></game-over-history-record-phase-stub>
    </div>
    <div class="p-timeline-event-separator" data-pc-section="separator">
      <div class="p-timeline-event-marker" data-pc-section="marker"></div>
      <!---->
    </div>
    <div class="p-timeline-event-content" data-pc-section="content">
      <game-over-history-record-stub gamehistoryrecord="[object Object]" class="game-over-history-record"></game-over-history-record-stub>
    </div>
  </div>
</div>"
`;
