// Vitest Snapshot v1, https://vitest.dev/guide/snapshot.html

exports[`Game Team Side Player Attribute Component > should match snapshot when rendered. 1`] = `
"<div id="game-team-side-player-attribute">
  <nuxt-img-stub src="svg/game/player/player-attribute/seen.svg" width="50" height="50" alt="components.GameTeamSidePlayerAttribute.seenBySeer" placeholder="/svg/misc/infinite-spinner.svg" id="game-team-side-player-attribute-icon" data-pd-tooltip="true"></nuxt-img-stub>
</div>"
`;
