// Vitest Snapshot v1, https://vitest.dev/guide/snapshot.html

exports[`Game Over History Record Decision Target Component > should match snapshot when rendered. 1`] = `
"<li class="inline-block text-center">
  <div class="p-2">
    <div class="grid glow" style="--glow-top: 0px; --glow-left: 0px;">
      <div class="" style="grid-area: 1/1/1/1;">
        <role-image-stub rolename="actor" sizes="70px" definition="normal" id="targeted-player-role-image" class="glow:border-gray-400 mx-auto"></role-image-stub>
      </div>
      <div class="glow-mask" glow="true" style="--glow-color: #f50057; grid-area: 1/1/1/1; pointer-events: none; mask: radial-gradient(var(--glow-size) var(--glow-size) at calc(var(--glow-x, -99999px) - var(--glow-left, 0px))
        calc(var(--glow-y, -99999px) - var(--glow-top, 0px)), #f50057 1%, transparent 50%);">
        <role-image-stub rolename="actor" sizes="70px" definition="normal" id="targeted-player-role-image" class="glow:border-gray-400 mx-auto"></role-image-stub>
      </div>
    </div>
    <div id="targeted-player-name" class="truncate w-full">Antoine</div>
    <!--v-if-->
  </div>
</li>"
`;
