// Vitest Snapshot v1, https://vitest.dev/guide/snapshot.html

exports[`Game Lobby Footer Component > should match snapshot when rendered. 1`] = `
"<div id="game-lobby-footer" class="row">
  <div class="col-3 d-flex">
    <game-lobby-random-composition-button-stub></game-lobby-random-composition-button-stub>
  </div>
  <div class="col-6 d-flex justify-content-center">
    <game-lobby-start-game-button-stub></game-lobby-start-game-button-stub>
  </div>
  <div class="col-3"></div>
</div>"
`;
