// Vitest Snapshot v1, https://vitest.dev/guide/snapshot.html

exports[`Game Playground Component > should match snapshot when rendered. 1`] = `
"<div id="game-playground" class="flex flex-col h-full w-full">
  <game-playground-header-stub></game-playground-header-stub>
  <current-play-expected-players-to-act-stub class="flex-none"></current-play-expected-players-to-act-stub>
  <current-play-question-stub class="mb-4"></current-play-question-stub>
  <game-playground-content-stub class="grow overflow-y-auto"></game-playground-content-stub>
  <game-playground-footer-stub></game-playground-footer-stub>
</div>"
`;
