// Vitest Snapshot v1, https://vitest.dev/guide/snapshot.html

exports[`Game Lobby Start Game Confirm Dialog Game Options Changed Component > should match snapshot when rendered without shallow rendering. 1`] = `
"<div id="game-lobby-start-game-confirm-dialog-game-options-changed" class="flex flex-col gap-6 items-center justify-center">
  <div class="flex flex-col gap-2 items-center justify-center"><img class="w-[75] h-[75]" width="75" height="75" alt="Changed game options icon" data-nuxt-img="" src="/svg/misc/ripples.svg"></div>
  <h4 id="game-lobby-start-game-confirm-dialog-game-options-changed-text" class="text-center">components.GameLobbyStartGameConfirmDialogGameOptionsChanged.gameOptionsChanged, {"count":2}, 2</h4>
  <div id="changed-game-options-list" class="w-full">
    <ul class="max-h-40 md:max-h-64 overflow-y-scroll px-1">
      <li class="!bg-sky-950 border-2 border-gray-600 changed-game-options-list-item flex gap-4 items-center px-2 py-1 rounded-md shadow-black shadow-md"><button class="p-button p-component p-button-icon-only p-button-danger p-button-raised p-button-sm !w-2 h-4 reset-changed-game-option-button text-xs" type="button" aria-label="Reset to official rule the option : composables.useGameOptionsTexts.composition.isHidden.yes" data-pc-name="button" data-p-disabled="false" data-p-severity="danger" pc1="" data-pc-section="root" data-pd-tooltip="true"><svg class="svg-inline--fa fa-minus" aria-hidden="true" focusable="false" data-prefix="fas" data-icon="minus" role="img" xmlns="http://www.w3.org/2000/svg" viewBox="0 0 448 512">
            <path class="" fill="currentColor" d="M432 256c0 17.7-14.3 32-32 32L48 288c-17.7 0-32-14.3-32-32s14.3-32 32-32l352 0c17.7 0 32 14.3 32 32z"></path>
          </svg><span class="p-button-label" data-pc-section="label"> </span>
          <!---->
        </button>
        <p class="!leading-relaxed !mb-0">composables.useGameOptionsTexts.composition.isHidden.yes</p>
      </li>
      <li class="!bg-sky-950 border-2 border-gray-600 changed-game-options-list-item flex gap-4 items-center px-2 py-1 rounded-md shadow-black shadow-md"><button class="p-button p-component p-button-icon-only p-button-danger p-button-raised p-button-sm !w-2 h-4 reset-changed-game-option-button text-xs" type="button" aria-label="Reset to official rule the option : composables.useGameOptionsTexts.votes.duration, {" time":"shared.time.second, {\\"count\\":10}, 10"}" data-pc-name="button" data-p-disabled="false" data-p-severity="danger" pc2="" data-pc-section="root" data-pd-tooltip="true"><svg class="svg-inline--fa fa-minus" aria-hidden="true" focusable="false" data-prefix="fas" data-icon="minus" role="img" xmlns="http://www.w3.org/2000/svg" viewBox="0 0 448 512">
            <path class="" fill="currentColor" d="M432 256c0 17.7-14.3 32-32 32L48 288c-17.7 0-32-14.3-32-32s14.3-32 32-32l352 0c17.7 0 32 14.3 32 32z"></path>
          </svg><span class="p-button-label" data-pc-section="label"> </span>
          <!---->
        </button>
        <p class="!leading-relaxed !mb-0">composables.useGameOptionsTexts.votes.duration, {"time":"shared.time.second, {\\"count\\":10}, 10"}</p>
      </li>
    </ul>
  </div>
  <div id="game-lobby-start-game-confirm-dialog-game-options-changed-actions" class="flex gap-2 items-center justify-evenly w-full"><button class="p-button p-component p-button-info" type="button" aria-label="Open game options hub" data-pc-name="button" data-p-disabled="false" data-p-severity="info" id="reject-step-button" pc3="" data-pc-section="root"><svg class="svg-inline--fa fa-eye" aria-hidden="true" focusable="false" data-prefix="fas" data-icon="eye" role="img" xmlns="http://www.w3.org/2000/svg" viewBox="0 0 576 512">
        <path class="" fill="currentColor" d="M288 32c-80.8 0-145.5 36.8-192.6 80.6C48.6 156 17.3 208 2.5 243.7c-3.3 7.9-3.3 16.7 0 24.6C17.3 304 48.6 356 95.4 399.4C142.5 443.2 207.2 480 288 480s145.5-36.8 192.6-80.6c46.8-43.5 78.1-95.4 93-131.1c3.3-7.9 3.3-16.7 0-24.6c-14.9-35.7-46.2-87.7-93-131.1C433.5 68.8 368.8 32 288 32zM144 256a144 144 0 1 1 288 0 144 144 0 1 1 -288 0zm144-64c0 35.3-28.7 64-64 64c-7.1 0-13.9-1.2-20.3-3.3c-5.5-1.8-11.9 1.6-11.7 7.4c.3 6.9 1.3 13.8 3.2 20.7c13.7 51.2 66.4 81.6 117.6 67.9s81.6-66.4 67.9-117.6c-11.1-41.5-47.8-69.4-88.6-71.1c-5.8-.2-9.2 6.1-7.4 11.7c2.1 6.4 3.3 13.2 3.3 20.3z"></path>
      </svg><span class="p-button-label" data-pc-section="label">Open game options hub</span>
      <!---->
    </button><button class="p-button p-component p-button-success" type="button" aria-label="Confirm" data-pc-name="button" data-p-disabled="false" data-p-severity="success" id="confirm-step-button" pc4="" data-pc-section="root"><svg class="svg-inline--fa fa-check" aria-hidden="true" focusable="false" data-prefix="fas" data-icon="check" role="img" xmlns="http://www.w3.org/2000/svg" viewBox="0 0 448 512">
        <path class="" fill="currentColor" d="M438.6 105.4c12.5 12.5 12.5 32.8 0 45.3l-256 256c-12.5 12.5-32.8 12.5-45.3 0l-128-128c-12.5-12.5-12.5-32.8 0-45.3s32.8-12.5 45.3 0L160 338.7 393.4 105.4c12.5-12.5 32.8-12.5 45.3 0z"></path>
      </svg><span class="p-button-label" data-pc-section="label">Confirm</span>
      <!---->
    </button></div>
</div>"
`;

exports[`Game Lobby Start Game Confirm Dialog Game Options Changed Component > should match snapshot when rendered. 1`] = `
"<div id="game-lobby-start-game-confirm-dialog-game-options-changed" class="flex flex-col gap-6 items-center justify-center">
  <div class="flex flex-col gap-2 items-center justify-center">
    <nuxt-img-stub alt="Changed game options icon" height="75" placeholderclass="w-[75] h-[75]" src="/svg/misc/rabbit-in-hat.svg" width="75" preload="false" crossorigin="false" placeholder="/svg/misc/ripples.svg"></nuxt-img-stub>
  </div>
  <h4 id="game-lobby-start-game-confirm-dialog-game-options-changed-text" class="text-center">components.GameLobbyStartGameConfirmDialogGameOptionsChanged.gameOptionsChanged, {"count":2}, 2</h4>
  <changed-game-options-list-stub class="w-full"></changed-game-options-list-stub>
  <div id="game-lobby-start-game-confirm-dialog-game-options-changed-actions" class="flex gap-2 items-center justify-evenly w-full">
    <button-stub id="reject-step-button" label="Open game options hub" severity="info"></button-stub>
    <button-stub id="confirm-step-button" label="Confirm" severity="success"></button-stub>
  </div>
</div>"
`;
