// Vitest Snapshot v1, https://vitest.dev/guide/snapshot.html

exports[`Game Lobby Header Component > should match snapshot when rendered. 1`] = `
"<div id="game-lobby-header">
  <h1 id="game-lobby-header-title" class="d-flex justify-content-center my-1">Game Lobby</h1>
  <div class="d-flex justify-content-center row">
    <div class="col-lg-6">
      <form id="game-lobby-header-form">
        <game-lobby-player-input-stub modelvalue="" id="game-lobby-player-input"></game-lobby-player-input-stub>
      </form>
    </div>
  </div>
</div>"
`;
