// Vitest Snapshot v1, https://vitest.dev/guide/snapshot.html

exports[`Game Lobby Header Component > should match snapshot when rendered. 1`] = `
"<div id="game-lobby-header">
  <h1 id="game-lobby-header-title" class="flex justify-center my-1">Game Lobby</h1>
  <div class="flex justify-center row">
    <div class="md:w-6/12">
      <form id="game-lobby-header-form">
        <game-lobby-player-input-stub modelvalue="" id="game-lobby-player-input"></game-lobby-player-input-stub>
      </form>
    </div>
  </div>
  <div class="flex item-center justify-center mt-2">
    <div id="game-lobby-header-setup-buttons"></div>
  </div>
</div>"
`;
