// Vitest Snapshot v1, https://vitest.dev/guide/snapshot.html

exports[`Game Lobby Header Setup Buttons Component > should match snapshot when rendered. 1`] = `"<span class="p-button-group p-component" role="group" data-pc-name="buttongroup" data-pc-section="root"><game-lobby-header-option-button-stub id="game-lobby-header-options-button"></game-lobby-header-option-button-stub></span>"`;
