// Vitest Snapshot v1, https://vitest.dev/guide/snapshot.html

exports[`Game Lobby Header Setup Buttons Component > should match snapshot when rendered. 1`] = `"<span class="p-buttongroup p-component" role="group" data-pc-name="buttongroup" data-pc-section="root" pc1=""><transition-group-stub name="fade-list" appear="false" persisted="false" css="true"><game-lobby-header-option-button-stub id="game-lobby-header-options-button" class="fade-list-item"></game-lobby-header-option-button-stub><game-lobby-header-position-coordinator-button-stub id="game-lobby-header-position-coordinator-button" class="fade-list-item"></game-lobby-header-position-coordinator-button-stub><game-lobby-header-additional-cards-manager-button-stub id="game-lobby-header-additional-cards-manager-button" class="fade-list-item"></game-lobby-header-additional-cards-manager-button-stub></transition-group-stub></span>"`;
