// Vitest Snapshot v1, https://vitest.dev/guide/snapshot.html

exports[`Game Choose Side Playground Component > should match snapshot when rendered. 1`] = `
"<div id="game-choose-side-playground" class="flex flex-col items-center justify-center">
  <div class="flex"><button id="choose-villagers-side-button" aria-label="Villagers side" class="border-4 border-transparent glow:border-emerald-500 me-2 p-2 rounded-lg" type="button" data-pd-ripple="true" style="overflow: hidden; position: relative; will-change: transform; transition: 300ms cubic-bezier(.03,.98,.52,.99); transform: perspective(1000px) rotateX(NaNdeg) rotateY(NaNdeg) scale3d(1, 1, 1);">
      <role-image-stub rolename="villager" sizes="200" definition="normal" id="villagers-side-image" class="glow:border-emerald-500 mb-1"></role-image-stub><span class="font-semibold">Villagers side</span><span role="presentation" aria-hidden="true" data-p-ink="true" data-p-ink-active="false" class="p-ink" pd1="" data-pc-name="ripple" data-pc-section="root"></span>
      <div class="js-tilt-glare" style="position: absolute; top: 0px; left: 0px; width: 100%; height: 100%; overflow: hidden;">
        <div class="js-tilt-glare-inner" style="position: absolute; top: 50%; left: 50%; transform: rotate(180deg) translate(-50%, -50%); opacity: 0; width: 0px; height: 0px; transition: opacity 300ms cubic-bezier(.03,.98,.52,.99);"></div>
      </div>
    </button><button id="choose-werewolves-side-button" aria-label="Werewolves side" class="border-4 border-transparent glow:border-red-500 ms-2 p-2 rounded-lg" type="button" data-pd-ripple="true" style="overflow: hidden; position: relative; will-change: transform; transition: 300ms cubic-bezier(.03,.98,.52,.99); transform: perspective(1000px) rotateX(NaNdeg) rotateY(NaNdeg) scale3d(1, 1, 1);">
      <role-image-stub rolename="werewolf" sizes="200" definition="normal" id="werewolves-side-image" class="glow:border-red-500 mb-1"></role-image-stub><span class="font-semibold">Werewolves side</span><span role="presentation" aria-hidden="true" data-p-ink="true" data-p-ink-active="false" class="p-ink" pd2="" data-pc-name="ripple" data-pc-section="root"></span>
      <div class="js-tilt-glare" style="position: absolute; top: 0px; left: 0px; width: 100%; height: 100%; overflow: hidden;">
        <div class="js-tilt-glare-inner" style="position: absolute; top: 50%; left: 50%; transform: rotate(180deg) translate(-50%, -50%); opacity: 0; width: 0px; height: 0px; transition: opacity 300ms cubic-bezier(.03,.98,.52,.99);"></div>
      </div>
    </button></div>
</div>"
`;
