// Vitest Snapshot v1, https://vitest.dev/guide/snapshot.html

exports[`Game Lobby Options Hub Footer Component > should match snapshot when rendered. 1`] = `
"<div id="close-button-only-dialog-footer" class="w-full">
  <divider-stub class="!my-2"></divider-stub>
  <div class="flex gap-1 justify-between w-full">
    <transition-stub mode="out-in" name="fade" appear="false" persisted="false" css="true">
      <div></div>
    </transition-stub>
    <button-stub id="close-button" label="Close" severity="secondary"></button-stub>
  </div>
</div>"
`;
