// Vitest Snapshot v1, https://vitest.dev/guide/snapshot.html

exports[`Current Play Expected Players To Act Component > should match snapshot when rendered. 1`] = `
"<div id="current-play-expected-players-to-act" class="w-full">
  <players-horizontal-list-stub players="[object Object],[object Object],[object Object]" id="player-horizontal-list"></players-horizontal-list-stub>
</div>"
`;
