// Vitest Snapshot v1, https://vitest.dev/guide/snapshot.html

exports[`Game Playing Component > should match snapshot when rendered. 1`] = `
"<div id="game-playing" class="d-flex">
  <game-team-side-stub side="villagers"></game-team-side-stub>
  <game-playground-stub class="d-flex flex-grow-1"></game-playground-stub>
  <game-team-side-stub side="werewolves"></game-team-side-stub>
</div>"
`;
