// Vitest Snapshot v1, https://vitest.dev/guide/snapshot.html

exports[`Game Lobby Header Additional Manager Button Component > should match snapshot when rendered. 1`] = `"<button class="p-button p-component p-button-info p-button-sm !border-sky-600" type="button" id="game-lobby-header-additional-cards-manager-button" data-pc-name="button" data-pc-section="root" data-p-severity="info" data-pd-ripple="true"><i id="additional-cards-not-set-warning-icon" class="absolute fa fa-beat fa-exclamation-circle right-0.5 text-white top-0.5"></i><i class="animate__animated animate__heartBeat animate__slow fa fa-clover me-2"></i><span id="game-lobby-header-additional-cards-manager-button-text">Additional cards</span><span role="presentation" aria-hidden="true" data-p-ink="true" data-p-ink-active="false" class="p-ink" data-pc-name="ripple" data-pc-section="root"></span></button>"`;
