// Vitest Snapshot v1, https://vitest.dev/guide/snapshot.html

exports[`Game Lobby Header Additional Manager Button Component > should match snapshot when rendered. 1`] = `
"<button class="p-button p-component p-button-info p-button-sm !border-sky-600" type="button" data-pc-name="button" data-p-disabled="false" data-p-severity="info" id="game-lobby-header-additional-cards-manager-button" data-pc-section="root" data-pd-ripple="true" style="overflow: hidden; position: relative;" pc1="">
  <font-awesome-icon-stub icon="clover" border="false" fixedwidth="false" flip="false" listitem="false" pulse="false" swapopacity="false" spin="false" symbol="false" inverse="false" bounce="false" shake="false" beat="false" fade="false" beatfade="false" flash="false" spinpulse="false" spinreverse="false" class="animate__animated animate__heartBeat animate__slow"></font-awesome-icon-stub><span id="game-lobby-header-additional-cards-manager-button-text">Additional cards</span>
  <font-awesome-icon-stub icon="exclamation-circle" border="false" fixedwidth="false" flip="false" listitem="false" pulse="false" swapopacity="false" spin="false" symbol="false" inverse="false" bounce="false" shake="false" beat="true" fade="false" beatfade="false" flash="false" spinpulse="false" spinreverse="false" id="additional-cards-not-set-warning-icon"></font-awesome-icon-stub><span role="presentation" aria-hidden="true" data-p-ink="true" data-p-ink-active="false" class="p-ink" pd1="" data-pc-name="ripple" data-pc-section="root"></span>
</button>"
`;
