// Vitest Snapshot v1, https://vitest.dev/guide/snapshot.html

exports[`Recipient Role Additional Cards Manager Component > should match snapshot when rendered without shallow. 1`] = `
"<fieldset class="p-fieldset p-component" id="role-additional-cards-manager-thief" data-pc-name="fieldset" data-pc-section="root" pc3="">
  <legend class="p-fieldset-legend ml-4 !p-3 !px-6" data-pc-section="legend">
    <div id="game-option-role-legend" class="flex gap-4 items-center"><img width="50" height="50" alt="shared.role.name.thief" data-nuxt-img="" class="border-4 border-gray-800 role-image rounded-lg h-[50pxpx] w-[50pxpx] !border-0" id="game-option-role-legend-image" src="/svg/misc/infinite-spinner.svg">
      <h2 id="game-option-role-legend-title">shared.role.name.thief</h2>
    </div>
  </legend>
  <transition-stub name="p-toggleable-content" appear="false" persisted="false" css="true">
    <div id="role-additional-cards-manager-thief_content" class="p-fieldset-content-container" role="region" aria-labelledby="role-additional-cards-manager-thief_header" data-pc-section="contentcontainer">
      <div class="p-fieldset-content" data-pc-section="content">
        <recipient-role-additional-cards-disclaimer-stub recipientrolename="thief" id="recipient-role-additional-cards-disclaimer"></recipient-role-additional-cards-disclaimer-stub>
        <recipient-role-additional-cards-multi-select-stub recipientrolename="thief" id="recipient-role-additional-cards-multi-select"></recipient-role-additional-cards-multi-select-stub>
        <div id="recipient-role-additional-cards-placement" class="flex font-semibold h-6 items-center justify-center mt-3"><span><svg class="svg-inline--fa fa-info-circle me-2 text-info" aria-hidden="true" focusable="false" data-prefix="fas" data-icon="info-circle" role="img" xmlns="http://www.w3.org/2000/svg" viewBox="0 0 512 512"><path class="" fill="currentColor" d="M256 512A256 256 0 1 0 256 0a256 256 0 1 0 0 512zM216 336l24 0 0-64-24 0c-13.3 0-24-10.7-24-24s10.7-24 24-24l48 0c13.3 0 24 10.7 24 24l0 88 8 0c13.3 0 24 10.7 24 24s-10.7 24-24 24l-80 0c-13.3 0-24-10.7-24-24s10.7-24 24-24zm40-208a32 32 0 1 1 0 64 32 32 0 1 1 0-64z"></path></svg><span>components.RecipientRoleAdditionalCardsManager.cardsPlacedFaceDown, 2</span></span></div>
      </div>
    </div>
  </transition-stub>
</fieldset>"
`;

exports[`Recipient Role Additional Cards Manager Component > should match snapshot when rendered. 1`] = `
"<fieldset class="p-fieldset p-component" id="role-additional-cards-manager-thief" data-pc-name="fieldset" data-pc-section="root" pc1="">
  <legend class="p-fieldset-legend ml-4 !p-3 !px-6" data-pc-section="legend">
    <game-option-role-legend-stub rolename="thief"></game-option-role-legend-stub>
  </legend>
  <transition-stub name="p-toggleable-content" appear="false" persisted="false" css="true">
    <div id="role-additional-cards-manager-thief_content" class="p-fieldset-content-container" role="region" aria-labelledby="role-additional-cards-manager-thief_header" data-pc-section="contentcontainer">
      <div class="p-fieldset-content" data-pc-section="content">
        <recipient-role-additional-cards-disclaimer-stub recipientrolename="thief" id="recipient-role-additional-cards-disclaimer"></recipient-role-additional-cards-disclaimer-stub>
        <recipient-role-additional-cards-multi-select-stub recipientrolename="thief" id="recipient-role-additional-cards-multi-select"></recipient-role-additional-cards-multi-select-stub>
        <div id="recipient-role-additional-cards-placement" class="flex font-semibold h-6 items-center justify-center mt-3"><span><font-awesome-icon-stub icon="info-circle" border="false" fixedwidth="false" flip="false" listitem="false" pulse="false" swapopacity="false" spin="false" symbol="false" inverse="false" bounce="false" shake="false" beat="false" fade="false" beatfade="false" flash="false" spinpulse="false" spinreverse="false" class="me-2 text-info"></font-awesome-icon-stub><span>components.RecipientRoleAdditionalCardsManager.cardsPlacedFaceDown, 2</span></span></div>
      </div>
    </div>
  </transition-stub>
</fieldset>"
`;
