// Vitest Snapshot v1, https://vitest.dev/guide/snapshot.html

exports[`About How To Contribute Component > should render component and match snapshot when mounted. 1`] = `
"<div id="about-how-to-contribute">
  <h2 id="about-how-to-contribute-title" class="align-items-center d-flex"><i class="fa fa-2x fa-handshake-angle me-3 text-success"></i><span>How to contribute to this project?</span></h2>
  <hr>
  <p id="about-how-to-contribute-first-section">There are several ways to contribute to this project:</p>
  <ul id="about-how-to-contribute-second-section">
    <li>The Werewolf Assistant is an open-source project! Available on GitHub, whether you are a developer, graphic designer, or even a tester, your help is welcome. If you like the project, feel free to star it or follow the creator! <div class="align-items-center d-flex justify-content-center my-3">
        <git-hub-repository-button-stub textbutton="Access the project on GitHub" id="about-how-to-contribute-github-button"></git-hub-repository-button-stub>
      </div>
    </li>
    <li>This project is intended to remain a free service. However, both hosting and tool infrastructure are paid for. If you would like to contribute or appreciate the creator's work, you can make a donation on their Buy Me A Coffee page. <div class="align-items-center d-flex justify-content-center my-3">
        <buy-me-a-coffee-button-stub></buy-me-a-coffee-button-stub>
      </div>
    </li>
    <li>Talk about this project around you! Word of mouth will encourage many role-play enthusiasts to embark on the grand adventure of the game master with the Werewolf Assistant.</li>
  </ul>
</div>"
`;
