// Vitest Snapshot v1, https://vitest.dev/guide/snapshot.html

exports[`Game Playground Header Current Play Component > should match snapshot when rendered. 1`] = `
"<div id="game-playground-header-current-play" class="flex gap-2 items-center justify-center">
  <div class="flex justify-end w-2/12">
    <nuxt-img-stub src="/svg/game/player/player-attribute/sheriff.svg" width="50" height="50" alt="Current play icon" class="me-3"></nuxt-img-stub>
  </div>
  <h2 id="current-play-text" class="text-center">components.GamePlaygroundHeaderCurrentPlay.sheriffDelegates</h2>
  <div class="w-2/12"></div>
</div>"
`;
