// Vitest Snapshot v1, https://vitest.dev/guide/snapshot.html

exports[`Game Over Actions Component > should match snapshot when rendered. 1`] = `"<div id="game-over-actions" class="flex gap-8 justify-center w-full"><a href="/game-lobby" id="new-game-button" class="p-button p-button-raised"><span class="fa fa-play-circle me-2"></span><span>Create another game</span></a><button class="p-button p-component p-disabled p-button-loading p-button-help" type="button" disabled="" id="show-game-history-button" data-pc-name="button" data-pc-section="root" data-p-severity="help" data-pd-ripple="true"><i class="fa fa-clock me-2"></i><span>components.GameOverActions.loadingGameHistory</span><span role="presentation" aria-hidden="true" data-p-ink="true" data-p-ink-active="false" class="p-ink" data-pc-name="ripple" data-pc-section="root"></span></button></div>"`;
