// Vitest Snapshot v1, https://vitest.dev/guide/snapshot.html

exports[`Game Over Actions Component > should match snapshot when rendered. 1`] = `"<div id="game-over-actions"><a href="/game-lobby" id="new-game-button" class="p-button p-button-raised"><span class="fa fa-play-circle me-2"></span><span>Create another game</span></a></div>"`;
