// Vitest Snapshot v1, https://vitest.dev/guide/snapshot.html

exports[`Role Origin Badge Component > should render component and match snapshot when mounted. 1`] = `"<badge-stub data-v-01dc4eab="" aria-label="Role Origin" class="role-origin-badge" value="Base Game" data-pd-tooltip="true"></badge-stub>"`;
