// Vitest Snapshot v1, https://vitest.dev/guide/snapshot.html

exports[`Game Over History Record Icon Component > should match snapshot when rendered. 1`] = `
"<div id="game-history-record-icon" class="align-items-center flex h-12 justify-content-center shadow-1 text-white w-12 z-1">
  <nuxt-img-stub src="/svg/game/player/player-attribute/sheriff.svg" alt="Game history record icon"></nuxt-img-stub>
</div>"
`;
