// Vitest Snapshot v1, https://vitest.dev/guide/snapshot.html

exports[`Game Team Side Player Component > should match snapshot when rendered. 1`] = `
"<div data-v-617f0319="" id="game-team-side-player">
  <div data-v-617f0319="" id="player-name" class="text-center text-truncate">Antoine</div>
  <divider-stub data-v-617f0319="" class="my-1"></divider-stub><small data-v-617f0319="" id="player-role-name" class="d-flex justify-content-center">Werewolf</small>
  <div data-v-617f0319="" class="d-flex mt-1">
    <role-image-stub data-v-617f0319="" alt="components.GameTeamSidePlayer.roleImageAlt, {" playerName":"Antoine"}" rolename="werewolf" sizes="50" definition="small" id="player-werewolf-role-image" height="50" width="50"></role-image-stub>
    <div data-v-617f0319="" id="player-attributes" class="d-flex flex-grow-1"></div>
    <!--v-if-->
  </div>
</div>"
`;
