// Vitest Snapshot v1, https://vitest.dev/guide/snapshot.html

exports[`Game Team Side Player Component > should match snapshot when rendered. 1`] = `
"<div class="glow-capture" style="position: relative; --glow-size: 400px;">
  <div class="grid glow" style="--glow-top: 0px; --glow-left: 0px;">
    <div class="" style="grid-area: 1/1/1/1;">
      <div id="game-team-side-player" class="border-2 border-gray-700 p-2 rounded-md w-full glow:border-red-500" data-testid="game-team-side-player-Antoine">
        <game-team-side-player-name-stub player="[object Object]" id="game-team-side-player-name"></game-team-side-player-name-stub>
        <div class="p-divider p-component p-divider-horizontal p-divider-solid p-divider-left !my-1" style="justify-content: center;" role="separator" aria-orientation="horizontal" data-pc-name="divider" data-pc-section="root" pc1="">
          <!---->
        </div>
        <game-team-side-player-role-name-stub player="[object Object]" id="game-team-side-player-role-name"></game-team-side-player-role-name-stub>
        <div class="flex items-center mt-2">
          <role-image-stub alt="components.GameTeamSidePlayer.roleImageAlt, {" playerName":"Antoine"}" rolename="werewolf" sizes="50" definition="small" id="player-werewolf-role-image" class="!border-2 glow:border-red-500"></role-image-stub>
          <div id="player-attributes" class="grid grid-cols-3 grow mx-2">
            <game-team-side-player-attribute-stub attribute="[object Object]" player="[object Object]" class="p-1"></game-team-side-player-attribute-stub>
            <game-team-side-player-attribute-stub attribute="[object Object]" player="[object Object]" class="p-1"></game-team-side-player-attribute-stub>
          </div>
          <!--v-if-->
        </div>
      </div>
    </div>
    <div class="glow-mask" glow="true" style="--glow-color: #f50057; grid-area: 1/1/1/1; pointer-events: none; mask: radial-gradient(var(--glow-size) var(--glow-size) at calc(var(--glow-x, -99999px) - var(--glow-left, 0px))
        calc(var(--glow-y, -99999px) - var(--glow-top, 0px)), #f50057 1%, transparent 50%);">
      <div id="game-team-side-player" class="border-2 border-gray-700 p-2 rounded-md w-full glow:border-red-500" data-testid="game-team-side-player-Antoine">
        <game-team-side-player-name-stub player="[object Object]" id="game-team-side-player-name"></game-team-side-player-name-stub>
        <div class="p-divider p-component p-divider-horizontal p-divider-solid p-divider-left !my-1" style="justify-content: center;" role="separator" aria-orientation="horizontal" data-pc-name="divider" data-pc-section="root" pc2="">
          <!---->
        </div>
        <game-team-side-player-role-name-stub player="[object Object]" id="game-team-side-player-role-name"></game-team-side-player-role-name-stub>
        <div class="flex items-center mt-2">
          <role-image-stub alt="components.GameTeamSidePlayer.roleImageAlt, {" playerName":"Antoine"}" rolename="werewolf" sizes="50" definition="small" id="player-werewolf-role-image" class="!border-2 glow:border-red-500"></role-image-stub>
          <div id="player-attributes" class="grid grid-cols-3 grow mx-2">
            <game-team-side-player-attribute-stub attribute="[object Object]" player="[object Object]" class="p-1"></game-team-side-player-attribute-stub>
            <game-team-side-player-attribute-stub attribute="[object Object]" player="[object Object]" class="p-1"></game-team-side-player-attribute-stub>
          </div>
          <!--v-if-->
        </div>
      </div>
    </div>
  </div>
</div>"
`;
