// Vitest Snapshot v1, https://vitest.dev/guide/snapshot.html

exports[`Role Image Component > should render component and match snapshot when mounted. 1`] = `"<nuxt-img-stub src="http://127.0.0.1/public/assets/images/roles/werewolf/werewolf.jpeg" sizes="50" aria-label="werewolf"></nuxt-img-stub>"`;
