// Vitest Snapshot v1, https://vitest.dev/guide/snapshot.html

exports[`Role Image Component > should match snapshot when rendered. 1`] = `"<nuxt-img-stub data-v-9d5f0666="" src="http://127.0.0.1/public/assets/images/roles/werewolf/werewolf.jpeg" width="50" height="50" alt="werewolf img" placeholder="/svg/misc/infinite-spinner.svg" class="role-image h-[50px] w-[50px]"></nuxt-img-stub>"`;
