// Vitest Snapshot v1, https://vitest.dev/guide/snapshot.html

exports[`Role Image Component > should render component and match snapshot when mounted. 1`] = `"<nuxt-img-stub data-v-9d5f0666="" src="http://127.0.0.1/public/assets/images/roles/werewolf/werewolf.jpeg" width="50" height="50" alt="werewolf img" placeholder="svg/infinite-spinner.svg" class="role-image"></nuxt-img-stub>"`;
