// Vitest Snapshot v1, https://vitest.dev/guide/snapshot.html

exports[`App Component > should match snapshot when rendered. 1`] = `"<nuxt-layout-stub data-v-8ff0109a=""></nuxt-layout-stub>"`;

exports[`App Component > should render component without shallow and match snapshot when rendered. 1`] = `
"<transition-stub data-v-8ff0109a="" name="page" mode="out-in" appear="false" persisted="false" css="true">
  <div data-v-ac9cdbe0="" id="default-layout" class="flex flex-col h-full">
    <nav data-v-88649fe9="" data-v-ac9cdbe0="" id="navbar" aria-label="Navigation bar" class="flex items-center justify-between py-1" role="navigation"><a data-v-88649fe9="" href="/" id="navbar-logo-link" aria-labelledby="navbar-werewolves-assistant-logo-text" class="flex items-center"><img data-v-88649fe9="" alt="Werewolves Assistant logo" data-nuxt-img="" id="navbar-werewolves-assistant-logo" class="" src="/svg/misc/infinite-spinner.svg">
        <h3 data-v-88649fe9="" id="navbar-werewolves-assistant-logo-text" class="ms-2">Werewolves Assistant</h3>
      </a>
      <div data-v-88649fe9="" class="flex gap-4 items-center">
        <transition-stub data-v-88649fe9="" mode="out-in" name="fade" appear="false" persisted="false" css="true">
          <!--v-if-->
        </transition-stub>
        <div data-v-88649fe9="" id="navbar-parameters-menu" data-pd-tooltip="true"><button class="p-button p-component p-button-icon-only p-button-secondary !p-2" type="button" aria-label="Parameters" data-pc-name="button" data-pc-section="root" data-p-severity="secondary" data-pd-ripple="true"><span class="p-button-icon fa fa-cog" data-pc-section="icon"></span><span class="p-button-label" data-pc-section="label"> </span>
            <!----><span role="presentation" aria-hidden="true" data-p-ink="true" data-p-ink-active="false" class="p-ink" data-pc-name="ripple" data-pc-section="root"></span>
          </button>
          <!--teleport start-->
          <!--teleport end-->
        </div>
      </div>
    </nav>
    <div data-v-ac9cdbe0="" class="content-with-navbar grow h-full">
      <transition-stub data-v-8ff0109a="" name="page" mode="out-in" appear="false" persisted="false" css="true">
        <div class="flex flex-col h-full md:p-2 p-4">
          <div class="flex flex-col grow items-center justify-center">
            <div class="flex justify-center w-full"><img alt="Werewolves Assistant logo" data-nuxt-img="" class="w-24 h-24" src="/svg/misc/infinite-spinner.svg"></div>
            <div class="mb-16 mt-6 text-center w-full">
              <h1 id="title" class="!text-5xl !tracking-wider mt-0">Werewolves Assistant</h1>
              <h5 id="subtitle" class="!font-normal !text-lg !w-full flex items-center justify-center md:gap-3 mt-6"><i class="fa fa-sun md:w-auto text-2xl text-day w-2/12"></i><span>The perfect tool for game masters of the Werewolves of Miller's Hollow™</span><i class="fa fa-moon md:w-auto text-2xl text-night w-2/12"></i></h5>
            </div><a href="/game-lobby" id="play-button" class="flex justify-center lg:w-3/12 md:w-6/12 p-button p-button-raised w-full"><i id="play-button-icon" class="absolute animate__animated fa fa-2x fa-play-circle left-5 me-2"></i><span class="bold font-black fs-3 text-4xl tracking-widest uppercase">Play</span></a><a href="/about" id="about-button" class="flex justify-center lg:w-3/12 md:w-6/12 mt-4 p-button p-button-secondary w-full"><i id="about-button-icon" class="absolute animate__animated fa-2x fa-question-circle fa-regular left-5 me-2"></i><span class="text-xl">What is it?</span></a>
          </div>
          <div class="p-divider p-component p-divider-horizontal p-divider-solid p-divider-left" style="justify-content: center;" role="separator" aria-orientation="horizontal" data-pc-name="divider" data-pc-section="root">
            <!---->
          </div>
          <div id="index-footer" class="flex mt-1">
            <div class="flex flex-auto"><a id="contact-button" class="p-button p-button-secondary" href="mailto: antoine.zanardi@epitech.eu"><span class="fa fa-envelope md:me-2"></span><span class="hidden md:inline">Contact the creator</span></a></div>
            <div class="flex flex-auto justify-end"><a id="github-repository-link" class="p-button primary" href="https://www.github.com/antoinezanardi/werewolves-assistant-web-next" rel="noopener noreferrer" target="_blank"><span class="fa-github fab me-2"></span><span>components.GitHubRepositoryButton.thisProjectIsOpenSource</span></a></div>
          </div>
        </div>
      </transition-stub>
      <!--teleport start-->
      <!--teleport end-->
    </div>
  </div>
</transition-stub>"
`;
