// Vitest Snapshot v1, https://vitest.dev/guide/snapshot.html

exports[`Role Type Badge Component > should render component and match snapshot when mounted. 1`] = `"<badge-stub data-v-d38716d1="" aria-label="Role Type" class="role-type-badge" severity="danger" size="large" value="Werewolf" data-pd-tooltip="true"></badge-stub>"`;
