// Vitest Snapshot v1, https://vitest.dev/guide/snapshot.html

exports[`Game Accursed Wolf Father May Have Infected Event Component > should match snapshot when rendered without shallow rendering. 1`] = `
"<div id="game-accursed-wolf-father-may-have-infected-event" class="flex flex-col h-full">
  <div id="game-event-default-slot-container" class="grow">
    <div class="flex h-full items-center justify-center">
      <div id="game-event-flipping-card" class="flex h-full items-center justify-center">
        <div id="game-event-flipping-player-card" class="flex flex-col items-center">
          <div class="flex-none" style="perspective: 1000; width: 200px; height: 200px;" id="game-event-flipping-player-role">
            <div class="flipper" style="transition: 0.6s; transform-style: preserve-3d; position: relative; width: 100%; height: 100%; transition-duration: 0.5s;">
              <div class="front" style="transform-style: preserve-3d; backface-visibility: hidden; position: absolute; top: 0px; left: 0px; width: 100%; height: 100%; z-index: 2; transform: rotateY(0deg);"><img width="200" height="200" data-nuxt-img="" class="border-4 border-gray-800 role-image rounded-lg h-[200pxpx] w-[200pxpx]" id="front-role-image" src="/svg/misc/infinite-spinner.svg" alt="shared.role.name.seer"><img width="75" height="75" alt="Role icon" data-nuxt-img="" id="front-role-image-svg-icon" class="absolute animate__bounceIn bottom-4 right-2" src="/svg/misc/infinite-spinner.svg"></div>
              <div class="back" style="transform-style: preserve-3d; backface-visibility: hidden; position: absolute; top: 0px; left: 0px; width: 100%; height: 100%; transform: rotateY(180deg);"><img width="200" height="200" alt="components.RoleImage.back" data-nuxt-img="" class="border-4 border-gray-800 role-image rounded-lg h-[200pxpx] w-[200pxpx]" id="back-role-image" src="/svg/misc/infinite-spinner.svg"><img width="75" height="75" alt="Role icon" data-nuxt-img="" id="back-role-image-svg-icon" class="absolute animate__bounceIn bottom-4 right-2" src="/svg/misc/infinite-spinner.svg"></div>
            </div>
          </div>
          <transition-stub mode="out-in" name="fade" appear="false" persisted="false" css="true">
            <h2 id="player-name" class="text-center">Antoine</h2>
          </transition-stub>
        </div>
      </div>
    </div>
  </div>
  <div id="game-event-texts-manager" class="flex gap-4 h-1/2 items-center"><button id="game-event-previous-text-button" aria-label="Back to the previous event text" class="ps-4 text-gray-500" disabled="" type="button" data-pd-tooltip="true"><svg class="svg-inline--fa fa-chevron-left fa-3x" aria-hidden="true" focusable="false" data-prefix="fas" data-icon="chevron-left" role="img" xmlns="http://www.w3.org/2000/svg" viewBox="0 0 320 512">
        <path class="" fill="currentColor" d="M9.4 233.4c-12.5 12.5-12.5 32.8 0 45.3l192 192c12.5 12.5 32.8 12.5 45.3 0s12.5-32.8 0-45.3L77.3 256 246.6 86.6c12.5-12.5 12.5-32.8 0-45.3s-32.8-12.5-45.3 0l-192 192z"></path>
      </svg></button>
    <div id="game-event-text-container" class="flex grow h-1/2 items-center justify-center">
      <transition-stub mode="out-in" name="fade" appear="false" persisted="false" css="true">
        <p id="current-event-text" class="!mb-0 !text-2xl text-center">components.GameAccursedWolfFatherMayHaveInfectedEvent.accursedWolfFatherMayHaveInfectedAPlayer</p>
      </transition-stub>
    </div><button id="game-event-next-text-button" aria-label="Next event text" class="pe-4" type="button" data-pd-tooltip="true"><svg class="svg-inline--fa fa-chevron-right fa-3x" aria-hidden="true" focusable="false" data-prefix="fas" data-icon="chevron-right" role="img" xmlns="http://www.w3.org/2000/svg" viewBox="0 0 320 512">
        <path class="" fill="currentColor" d="M310.6 233.4c12.5 12.5 12.5 32.8 0 45.3l-192 192c-12.5 12.5-32.8 12.5-45.3 0s-12.5-32.8 0-45.3L242.7 256 73.4 86.6c-12.5-12.5-12.5-32.8 0-45.3s32.8-12.5 45.3 0l192 192z"></path>
      </svg></button>
  </div>
</div>"
`;

exports[`Game Accursed Wolf Father May Have Infected Event Component > should match snapshot when rendered. 1`] = `"<game-event-with-texts-stub texts="components.GameAccursedWolfFatherMayHaveInfectedEvent.accursedWolfFatherMayHaveInfectedAPlayer,components.GameAccursedWolfFatherMayHaveInfectedEvent.gameMasterWillTapAccursedWolfFatherMarkVictim" id="game-accursed-wolf-father-may-have-infected-event"></game-event-with-texts-stub>"`;
