// Vitest Snapshot v1, https://vitest.dev/guide/snapshot.html

exports[`Game Lobby Header Position Coordinator Button Component > should match snapshot when rendered. 1`] = `"<button-stub id="game-lobby-header-position-coordinator-button" pt="[object Object]" severity="info" size="small"></button-stub>"`;
