// Vitest Snapshot v1, https://vitest.dev/guide/snapshot.html

exports[`Game Event Next Text Button Component > should match snapshot when rendered. 1`] = `"<button id="next-event-text-button" aria-label="Next event text" class="pe-4" type="button" data-pd-tooltip="true"><i class="fa fa-3x fa-chevron-right"></i></button>"`;
