// Vitest Snapshot v1, https://vitest.dev/guide/snapshot.html

exports[`Game Event Texts Manager Component > should match snapshot when rendered. 1`] = `
"<div id="game-event-texts-manager" class="flex gap-4 h-1/2 items-center">
  <game-event-previous-text-button-stub currenttextindex="0" id="game-event-previous-text-button"></game-event-previous-text-button-stub>
  <div id="game-event-text-container" class="flex grow h-1/2 items-center justify-center">
    <transition-stub mode="out-in" name="fade" appear="false" persisted="false" css="true">
      <p id="current-event-text" class="!mb-0 !text-2xl text-center">Game starts.</p>
    </transition-stub>
  </div>
  <game-event-next-text-button-stub id="game-event-next-text-button"></game-event-next-text-button-stub>
</div>"
`;
