// Vitest Snapshot v1, https://vitest.dev/guide/snapshot.html

exports[`Text Progress Spinner Component > should match snapshot when rendered. 1`] = `
"<div id="progress-spinner" class="flex flex-col items-center justify-center">
  <progress-spinner-stub aria-label="Loading…"></progress-spinner-stub><small class="text-progress-spinner-text">Loading…</small>
</div>"
`;
