// Vitest Snapshot v1, https://vitest.dev/guide/snapshot.html

exports[`Default Layout > should match snapshot when rendered. 1`] = `
"<div data-v-ac9cdbe0="" id="default-layout" class="flex flex-col h-full">
  <nav-bar-stub data-v-ac9cdbe0=""></nav-bar-stub>
  <div data-v-ac9cdbe0="" class="content-with-navbar grow h-full"></div>
</div>"
`;
