// Vitest Snapshot v1, https://vitest.dev/guide/snapshot.html

exports[`Game Lobby Position Coordinator Chart Component > should match snapshot when rendered. 1`] = `"<chart-stub id="game-lobby-position-coordinator-chart" data="[object Object]" options="[object Object]" plugins="[object Object]" type="doughnut"></chart-stub>"`;
