// Vitest Snapshot v1, https://vitest.dev/guide/snapshot.html

exports[`Game Over History Record Decision Buried Players Component > should match snapshot when rendered. 1`] = `
"<div id="game-over-history-record-decision-buried-players" class="flex flex-col gap-4 items-center justify-center">
  <!--v-if-->
  <ul class="mx-auto overflow-x-auto scrollbar-thin text-center w-full whitespace-nowrap">
    <game-over-history-record-decision-buried-player-stub buriedplayer="[object Object]" gamehistoryrecord="[object Object]" class="game-over-history-record-buried-player inline-block" is-disabled=""></game-over-history-record-decision-buried-player-stub>
    <game-over-history-record-decision-buried-player-stub buriedplayer="[object Object]" gamehistoryrecord="[object Object]" class="game-over-history-record-buried-player inline-block" is-disabled=""></game-over-history-record-decision-buried-player-stub>
    <game-over-history-record-decision-buried-player-stub buriedplayer="[object Object]" gamehistoryrecord="[object Object]" class="game-over-history-record-buried-player inline-block" is-disabled=""></game-over-history-record-decision-buried-player-stub>
    <game-over-history-record-decision-buried-player-stub buriedplayer="[object Object]" gamehistoryrecord="[object Object]" class="game-over-history-record-buried-player inline-block" is-disabled=""></game-over-history-record-decision-buried-player-stub>
  </ul>
</div>"
`;
