// Vitest Snapshot v1, https://vitest.dev/guide/snapshot.html

exports[`About Available Role Description Component > should match snapshot when rendered. 1`] = `
"<div class="flex">
  <div id="role-left-description" class="flex flex-col items-center justify-center">
    <role-image-stub alt="components.AboutAvailableRoleDescription.roleDescriptionLeftImageAlt, {" role":"shared.role.name.werewolf"}" rolename="werewolf" sizes="150" definition="normal" class="available-role-description-role-image"></role-image-stub>
    <h2 class="available-role-description-role-name mt-3">shared.role.name.werewolf</h2>
    <role-type-badge-stub roletype="werewolf" class="available-role-description-role-type-badge mt-3"></role-type-badge-stub>
    <role-origin-badge-stub roleorigin="classic" class="available-role-description-role-origin-badge mt-3"></role-origin-badge-stub>
  </div>
  <role-description-lines-stub role="[object Object]"></role-description-lines-stub>
</div>"
`;
