// Vitest Snapshot v1, https://vitest.dev/guide/snapshot.html

exports[`Game Choose Card Playground Additional Card Component > should match snapshot when rendered. 1`] = `
"<div class="grid glow" id="game-choose-card-playground-additional-card" style="--glow-top: 0px; --glow-left: 0px;">
  <div class="" style="grid-area: 1/1/1/1;"><button id="additional-card-button" aria-label="components.GameChooseCardPlaygroundAdditionalCard.chooseCardForRecipient, {" roleName":"shared.role.name.seer","recipientDefiniteName":"shared.role.definiteName.seer, 1"}" class="border-4 border-transparent flex flex-col glow:border-emerald-500 h-52 items-center me-2 p-3 rounded-lg" type="button"><img width="125" height="125" alt="shared.role.name.seer" data-nuxt-img="" class="border-4 border-gray-800 role-image rounded-lg h-[125px] w-[125px] glow:border-emerald-500 mb-1" id="additional-card-image" src="/svg/misc/infinite-spinner.svg"><span id="additional-card-role-label" class="flex flex-col font-semibold grow justify-center">shared.role.name.seer</span></button></div>
  <div class="glow-mask" glow="true" style="--glow-color: #f50057; grid-area: 1/1/1/1; pointer-events: none; mask: radial-gradient(var(--glow-size) var(--glow-size) at calc(var(--glow-x, -99999px) - var(--glow-left, 0px))
        calc(var(--glow-y, -99999px) - var(--glow-top, 0px)), #f50057 1%, transparent 50%);"><button id="additional-card-button" aria-label="components.GameChooseCardPlaygroundAdditionalCard.chooseCardForRecipient, {" roleName":"shared.role.name.seer","recipientDefiniteName":"shared.role.definiteName.seer, 1"}" class="border-4 border-transparent flex flex-col glow:border-emerald-500 h-52 items-center me-2 p-3 rounded-lg" type="button"><img width="125" height="125" alt="shared.role.name.seer" data-nuxt-img="" class="border-4 border-gray-800 role-image rounded-lg h-[125px] w-[125px] glow:border-emerald-500 mb-1" id="additional-card-image" src="/svg/misc/infinite-spinner.svg"><span id="additional-card-role-label" class="flex flex-col font-semibold grow justify-center">shared.role.name.seer</span></button></div>
</div>"
`;
